
##### A full-balance redeem: card 01a0e7b6-3455-72c3-babf-718dacb54017 balance 5000, redeem 5000 twice with key retry-2ec42369eb9746dfaacf0d997021b556
[lock] card row locked by external session
[lock] released
request #1: {'http': 201, 'code': None, 'message': None, 'replayed': False, 'tx_id': '01a0e7b6-4251-70a5-a54c-ab30107b064c', 'tx_amount': -5000, 'balance': 0, 'ms': 3529}
request #2: {'http': 200, 'code': None, 'message': None, 'replayed': True, 'tx_id': '01a0e7b6-4251-70a5-a54c-ab30107b064c', 'tx_amount': -5000, 'balance': 0, 'ms': 3155}
ledger: {'card_balance': 0, 'status': 'redeemed', 'ledger_sum': 0, 'balance_ok': True, 'chain_ok': True, 'tx_count': 2}
  issue         5000      0->5000   key=None
  redemption   -5000   5000->0      key=retry-2ec42369eb9746dfaacf0d997021b556
request #3 (late retry, same key): {'http': 200, 'code': None, 'message': None, 'replayed': True, 'tx_id': '01a0e7b6-4251-70a5-a54c-ab30107b064c', 'tx_amount': -5000, 'balance': 0, 'ms': 70}

##### B partial redeem, balance sufficient for two: card 01a0e7b6-43f7-70f4-ae81-44577888ef36 balance 5000, redeem 2000 twice with key retry-104d85d746ef4fc78810e8a9f7e0557c
[lock] card row locked by external session
[lock] released
request #1: {'http': 201, 'code': None, 'message': None, 'replayed': False, 'tx_id': '01a0e7b6-51f2-7346-8a5d-bacdfa39b5ed', 'tx_amount': -2000, 'balance': 3000, 'ms': 3721}
request #2: {'http': 200, 'code': None, 'message': None, 'replayed': True, 'tx_id': '01a0e7b6-51f2-7346-8a5d-bacdfa39b5ed', 'tx_amount': -2000, 'balance': 3000, 'ms': 3366}
ledger: {'card_balance': 3000, 'status': 'active', 'ledger_sum': 3000, 'balance_ok': True, 'chain_ok': True, 'tx_count': 2}
  issue         5000      0->5000   key=None
  redemption   -2000   5000->3000   key=retry-104d85d746ef4fc78810e8a9f7e0557c
request #3 (late retry, same key): {'http': 200, 'code': None, 'message': None, 'replayed': True, 'tx_id': '01a0e7b6-51f2-7346-8a5d-bacdfa39b5ed', 'tx_amount': -2000, 'balance': 3000, 'ms': 74}

##### C redeem > half balance (second booking would be insufficient): card 01a0e7b6-545c-70b7-9b1d-3a7ed45488a2 balance 5000, redeem 3000 twice with key retry-ec577ffe07884d088e1ca772c610dd1a
[lock] card row locked by external session
[lock] released
request #1: {'http': 201, 'code': None, 'message': None, 'replayed': False, 'tx_id': '01a0e7b6-6256-712f-9d72-bc4bacd84fdb', 'tx_amount': -3000, 'balance': 2000, 'ms': 3830}
request #2: {'http': 200, 'code': None, 'message': None, 'replayed': True, 'tx_id': '01a0e7b6-6256-712f-9d72-bc4bacd84fdb', 'tx_amount': -3000, 'balance': 2000, 'ms': 3419}
ledger: {'card_balance': 2000, 'status': 'active', 'ledger_sum': 2000, 'balance_ok': True, 'chain_ok': True, 'tx_count': 2}
  issue         5000      0->5000   key=None
  redemption   -3000   5000->2000   key=retry-ec577ffe07884d088e1ca772c610dd1a
request #3 (late retry, same key): {'http': 200, 'code': None, 'message': None, 'replayed': True, 'tx_id': '01a0e7b6-6256-712f-9d72-bc4bacd84fdb', 'tx_amount': -3000, 'balance': 2000, 'ms': 73}
