setup: balance after redeem 10 + reload 10 = 5000

=== P5 mixed race (op http code) -> count
{
 "reload 5 201 None": 5,
 "redeem 5 201 None": 5,
 "reverse R1(redeem) 409 TRANSACTION_NOT_REVERSIBLE": 4,
 "reverse R1(redeem) 201 None": 1,
 "reverse L1(reload) 409 TRANSACTION_NOT_REVERSIBLE": 4,
 "reverse L1(reload) 201 None": 1
}

=== P5 ledger
{
 "card_balance": 5000,
 "status": "active",
 "ledger_sum": 5000,
 "balance_ok": true,
 "chain_ok": true,
 "tx_count": 15
}
  issue         5000      0->5000   reversed_at=None
  redemption   -1000   5000->4000   reversed_at=2026-09-28 11:13:51
  reload        1000   4000->5000   reversed_at=2026-09-28 11:13:51
  reversal      1000   5000->6000   reversed_at=None
  reversal     -1000   6000->5000   reversed_at=None
  reload         500   5000->5500   reversed_at=None
  reload         500   5500->6000   reversed_at=None
  redemption    -500   6000->5500   reversed_at=None
  reload         500   5500->6000   reversed_at=None
  redemption    -500   6000->5500   reversed_at=None
  redemption    -500   5500->5000   reversed_at=None
  redemption    -500   5000->4500   reversed_at=None
  reload         500   4500->5000   reversed_at=None
  reload         500   5000->5500   reversed_at=None
  redemption    -500   5500->5000   reversed_at=None
reversal rows per original: [{'related_transaction_id': '01a0e7b8-9a41-71d8-99d7-a90cea904415', 'n': 1}, {'related_transaction_id': '01a0e7b8-9aa6-72f4-a6ad-d7c05bd6d8a9', 'n': 1}]
reverse a reversal: {'http': 409, 'code': 'TRANSACTION_NOT_REVERSIBLE', 'message': 'This transaction cannot be reversed.', 'replayed': None, 'tx_id': None, 'tx_amount': None, 'balance': None, 'ms': 68}

P8 settings: max_card_value 100000 max_card_balance 200000
reload back to max: {'http': 201, 'code': None, 'message': None, 'replayed': False, 'tx_id': '01a0e7b8-a3bd-7383-a7a2-abbea16042f3', 'tx_amount': 50000, 'balance': 200000, 'ms': 102}
reload 0.01 more (control): {'http': 422, 'code': 'BALANCE_LIMIT_EXCEEDED', 'message': 'The resulting balance would exceed the maximum allowed card balance.', 'replayed': None, 'tx_id': None, 'tx_amount': None, 'balance': None, 'ms': 80}
reverse the 500.00 redemption: 201 None balance_after 250000
card row: [{'balance': 250000, 'status': 'active'}] max_card_balance=200000 {'card_balance': 250000, 'status': 'active', 'ledger_sum': 250000, 'balance_ok': True, 'chain_ok': True, 'tx_count': 5}

PUT settings/cards max_card_value=500000 > max_card_balance=200000 -> 422
PUT settings/cards min_card_value=900000 (> max_card_value) -> 422
issue 4500.00 with max_card_balance 2000.00 -> 422 None
settings restored
